[2026-02-16 10:45:09] ERROR: POST /api/transaction - Something went wrong  {
  "statusCode": 500,
  "name": "Error",
  "stack": "Error: Origin not allowed by CORS\n    at origin (D:\\Purwadhika Materi\\Modul5\\day1\\pos-api\\src\\configs\\cors.config.ts:8:16)\n    at D:\\Purwadhika Materi\\Modul5\\day1\\pos-api\\node_modules\\cors\\lib\\index.js:219:13\n    at optionsCallback (D:\\Purwadhika Materi\\Modul5\\day1\\pos-api\\node_modules\\cors\\lib\\index.js:199:9)\n    at corsMiddleware (D:\\Purwadhika Materi\\Modul5\\day1\\pos-api\\node_modules\\cors\\lib\\index.js:204:7)\n    at Layer.handleRequest (D:\\Purwadhika Materi\\Modul5\\day1\\pos-api\\node_modules\\router\\lib\\layer.js:152:17)\n    at trimPrefix (D:\\Purwadhika Materi\\Modul5\\day1\\pos-api\\node_modules\\router\\index.js:342:13)\n    at D:\\Purwadhika Materi\\Modul5\\day1\\pos-api\\node_modules\\router\\index.js:297:9\n    at processParams (D:\\Purwadhika Materi\\Modul5\\day1\\pos-api\\node_modules\\router\\index.js:582:12)\n    at next (D:\\Purwadhika Materi\\Modul5\\day1\\pos-api\\node_modules\\router\\index.js:291:5)\n    at router.handle (D:\\Purwadhika Materi\\Modul5\\day1\\pos-api\\node_modules\\router\\index.js:186:3)",
  "params": {},
  "query": {},
  "headers": {
    "content-type": "application/json",
    "user-agent": "PostmanRuntime/7.51.1",
    "accept": "*/*",
    "postman-token": "c87efcc2-8959-4808-a05b-fffd1f281fbd",
    "host": "localhost:8080",
    "accept-encoding": "gzip, deflate, br",
    "connection": "keep-alive",
    "content-length": "247"
  }
}
[2026-02-16 10:46:05] ERROR: POST /api/transaction - Something went wrong  {
  "statusCode": 500,
  "name": "PrismaClientValidationError",
  "stack": "PrismaClientValidationError: \nInvalid `tx.transaction.create()` invocation in\nD:\\Purwadhika Materi\\Modul5\\day1\\pos-api\\src\\services\\transaction.service.ts:42:34\n\n  39 console.log(ammount);\n  40 console.log(transactionItem);\n  41 \n→ 42 await tx.transaction.create({\n       data: {\n         customerName: \"Josh\",\n         paymentMethod: \"CASH\",\n         ammount: 100000,\n         expiry: new Date(\"2026-02-16T03:47:05.394Z\"),\n         transactionItem: {\n           createMany: {\n             data: [\n               {\n                 name: \"Kopi Gula Aren\",\n                 price: 25000,\n                 quantity: \"1\",\n                 totalPerItem: 25000\n               },\n               {\n                 name: \"Kopi Gula Aren\",\n                 price: 25000,\n                 quantity: \"3\",\n                 totalPerItem: 75000\n               }\n             ]\n           }\n         }\n       }\n     })\n\nArgument `quantity`: Invalid value provided. Expected Int, provided String.\n    at throwValidationException (D:\\Purwadhika Materi\\Modul5\\day1\\pos-api\\node_modules\\@prisma\\client\\src\\runtime\\core\\errorRendering\\throwValidationException.ts:46:9)\n    at Vr.handleRequestError (D:\\Purwadhika Materi\\Modul5\\day1\\pos-api\\node_modules\\@prisma\\client\\src\\runtime\\RequestHandler.ts:202:7)\n    at Vr.handleAndLogRequestError (D:\\Purwadhika Materi\\Modul5\\day1\\pos-api\\node_modules\\@prisma\\client\\src\\runtime\\RequestHandler.ts:174:12)\n    at Vr.request (D:\\Purwadhika Materi\\Modul5\\day1\\pos-api\\node_modules\\@prisma\\client\\src\\runtime\\RequestHandler.ts:143:12)\n    at processTicksAndRejections (node:internal/process/task_queues:103:5)\n    at async a (D:\\Purwadhika Materi\\Modul5\\day1\\pos-api\\node_modules\\@prisma\\client\\src\\runtime\\getPrismaClient.ts:805:24)",
  "body": {
    "customerName": "Josh",
    "paymentMethod": "CASH",
    "orderItems": [
      {
        "id": "0c99ffe8-ac9c-40c5-8442-440295a4365c",
        "quantity": "1"
      },
      {
        "id": "dc175d64-ecc1-4188-b635-17565438a2e8",
        "quantity": "3"
      }
    ]
  },
  "params": {},
  "query": {},
  "headers": {
    "content-type": "application/json",
    "user-agent": "PostmanRuntime/7.51.1",
    "accept": "*/*",
    "postman-token": "f0f83234-98c6-4edf-9109-2baa8ec03452",
    "host": "localhost:8080",
    "accept-encoding": "gzip, deflate, br",
    "connection": "keep-alive",
    "content-length": "247"
  }
}
[2026-02-16 10:47:31] ERROR: POST /api/transaction - Something went wrong  {
  "statusCode": 500,
  "name": "PrismaClientValidationError",
  "stack": "PrismaClientValidationError: \nInvalid `tx.transaction.create()` invocation in\nD:\\Purwadhika Materi\\Modul5\\day1\\pos-api\\src\\services\\transaction.service.ts:42:34\n\n  39 console.log(ammount);\n  40 console.log(transactionItem);\n  41 \n→ 42 await tx.transaction.create({\n       data: {\n         customerName: \"Josh\",\n         paymentMethod: \"CASH\",\n         ammount: 100000,\n         expiry: new Date(\"2026-02-16T03:48:31.199Z\"),\n         transactionItem: {\n           createMany: {\n             data: [\n               {\n                 name: \"Kopi Gula Aren\",\n                 price: 25000,\n                 quantity: \"1\",\n                 totalPerItem: 25000\n               },\n               {\n                 name: \"Kopi Gula Aren\",\n                 price: 25000,\n                 quantity: \"3\",\n                 totalPerItem: 75000\n               }\n             ]\n           }\n         }\n       }\n     })\n\nArgument `quantity`: Invalid value provided. Expected Int, provided String.\n    at throwValidationException (D:\\Purwadhika Materi\\Modul5\\day1\\pos-api\\node_modules\\@prisma\\client\\src\\runtime\\core\\errorRendering\\throwValidationException.ts:46:9)\n    at Vr.handleRequestError (D:\\Purwadhika Materi\\Modul5\\day1\\pos-api\\node_modules\\@prisma\\client\\src\\runtime\\RequestHandler.ts:202:7)\n    at Vr.handleAndLogRequestError (D:\\Purwadhika Materi\\Modul5\\day1\\pos-api\\node_modules\\@prisma\\client\\src\\runtime\\RequestHandler.ts:174:12)\n    at Vr.request (D:\\Purwadhika Materi\\Modul5\\day1\\pos-api\\node_modules\\@prisma\\client\\src\\runtime\\RequestHandler.ts:143:12)\n    at processTicksAndRejections (node:internal/process/task_queues:103:5)\n    at async a (D:\\Purwadhika Materi\\Modul5\\day1\\pos-api\\node_modules\\@prisma\\client\\src\\runtime\\getPrismaClient.ts:805:24)",
  "body": {
    "customerName": "Josh",
    "paymentMethod": "CASH",
    "orderItems": [
      {
        "id": "0c99ffe8-ac9c-40c5-8442-440295a4365c",
        "quantity": "1"
      },
      {
        "id": "dc175d64-ecc1-4188-b635-17565438a2e8",
        "quantity": "3"
      }
    ]
  },
  "params": {},
  "query": {},
  "headers": {
    "content-type": "application/json",
    "user-agent": "PostmanRuntime/7.51.1",
    "accept": "*/*",
    "postman-token": "0cd0af86-6456-48c2-96a1-07412caf6b06",
    "host": "localhost:8080",
    "accept-encoding": "gzip, deflate, br",
    "connection": "keep-alive",
    "content-length": "247"
  }
}
[2026-02-16 11:08:50] INFO: [CRON]: Executing expiry transaction(s) jobs  
[2026-02-16 11:08:50] INFO: [CRON] : 1 transaction(s) has been expiry  
[2026-02-16 11:08:51] INFO: [CRON]: Executing expiry transaction(s) jobs  
[2026-02-16 11:08:51] INFO: [CRON] : 1 transaction(s) has been expiry  
[2026-02-16 11:08:52] INFO: [CRON]: Executing expiry transaction(s) jobs  
[2026-02-16 11:08:52] INFO: [CRON] : 1 transaction(s) has been expiry  
[2026-02-16 11:08:53] INFO: [CRON]: Executing expiry transaction(s) jobs  
[2026-02-16 11:08:53] INFO: [CRON] : 1 transaction(s) has been expiry  
[2026-02-16 11:08:54] INFO: [CRON]: Executing expiry transaction(s) jobs  
[2026-02-16 11:08:54] INFO: [CRON] : 1 transaction(s) has been expiry  
[2026-02-16 11:08:55] INFO: [CRON]: Executing expiry transaction(s) jobs  
[2026-02-16 11:08:55] INFO: [CRON] : 1 transaction(s) has been expiry  
[2026-02-16 11:08:56] INFO: [CRON]: Executing expiry transaction(s) jobs  
[2026-02-16 11:08:56] INFO: [CRON] : 1 transaction(s) has been expiry  
[2026-02-16 11:08:57] INFO: [CRON]: Executing expiry transaction(s) jobs  
[2026-02-16 11:08:57] INFO: [CRON] : 1 transaction(s) has been expiry  
[2026-02-16 11:08:58] INFO: [CRON]: Executing expiry transaction(s) jobs  
[2026-02-16 11:08:58] INFO: [CRON] : 1 transaction(s) has been expiry  
[2026-02-16 11:08:59] INFO: [CRON]: Executing expiry transaction(s) jobs  
[2026-02-16 11:08:59] INFO: [CRON] : 1 transaction(s) has been expiry  
[2026-02-16 11:09:00] INFO: [CRON]: Executing expiry transaction(s) jobs  
[2026-02-16 11:09:00] INFO: [CRON] : 1 transaction(s) has been expiry  
[2026-02-16 11:09:01] INFO: [CRON]: Executing expiry transaction(s) jobs  
[2026-02-16 11:09:01] INFO: [CRON] : 1 transaction(s) has been expiry  
[2026-02-16 11:09:02] INFO: [CRON]: Executing expiry transaction(s) jobs  
[2026-02-16 11:09:02] INFO: [CRON] : 1 transaction(s) has been expiry  
[2026-02-16 11:09:03] INFO: [CRON]: Executing expiry transaction(s) jobs  
[2026-02-16 11:09:03] INFO: [CRON] : 1 transaction(s) has been expiry  
[2026-02-16 11:09:04] INFO: [CRON]: Executing expiry transaction(s) jobs  
[2026-02-16 11:09:04] INFO: [CRON] : 1 transaction(s) has been expiry  
[2026-02-16 11:09:05] INFO: [CRON]: Executing expiry transaction(s) jobs  
[2026-02-16 11:09:05] INFO: [CRON] : 1 transaction(s) has been expiry  
[2026-02-16 11:09:06] INFO: [CRON]: Executing expiry transaction(s) jobs  
[2026-02-16 11:09:06] INFO: [CRON] : 1 transaction(s) has been expiry  
[2026-02-16 11:09:07] INFO: [CRON]: Executing expiry transaction(s) jobs  
[2026-02-16 11:09:07] INFO: [CRON] : 1 transaction(s) has been expiry  
[2026-02-16 11:09:08] INFO: [CRON]: Executing expiry transaction(s) jobs  
[2026-02-16 11:09:08] INFO: [CRON] : 1 transaction(s) has been expiry  
[2026-02-16 11:09:09] INFO: [CRON]: Executing expiry transaction(s) jobs  
[2026-02-16 11:09:09] INFO: [CRON] : 1 transaction(s) has been expiry  
[2026-02-16 11:09:10] INFO: [CRON]: Executing expiry transaction(s) jobs  
[2026-02-16 11:09:10] INFO: [CRON] : 1 transaction(s) has been expiry  
[2026-02-16 11:09:11] INFO: [CRON]: Executing expiry transaction(s) jobs  
[2026-02-16 11:09:11] INFO: [CRON] : 1 transaction(s) has been expiry  
[2026-02-16 11:09:12] INFO: [CRON]: Executing expiry transaction(s) jobs  
[2026-02-16 11:09:12] INFO: [CRON] : 1 transaction(s) has been expiry  
[2026-02-16 11:09:13] INFO: [CRON]: Executing expiry transaction(s) jobs  
[2026-02-16 11:09:13] INFO: [CRON] : 1 transaction(s) has been expiry  
[2026-02-16 11:09:14] INFO: [CRON]: Executing expiry transaction(s) jobs  
[2026-02-16 11:09:14] INFO: [CRON] : 1 transaction(s) has been expiry  
[2026-02-16 11:09:15] INFO: [CRON]: Executing expiry transaction(s) jobs  
[2026-02-16 11:09:15] INFO: [CRON] : 1 transaction(s) has been expiry  
[2026-02-16 11:09:16] INFO: [CRON]: Executing expiry transaction(s) jobs  
[2026-02-16 11:09:16] INFO: [CRON] : 1 transaction(s) has been expiry  
[2026-02-16 11:09:17] INFO: [CRON]: Executing expiry transaction(s) jobs  
[2026-02-16 11:09:17] INFO: [CRON] : 1 transaction(s) has been expiry  
[2026-02-16 11:09:18] INFO: [CRON]: Executing expiry transaction(s) jobs  
[2026-02-16 11:09:18] INFO: [CRON] : 1 transaction(s) has been expiry  
[2026-02-16 11:09:19] INFO: [CRON]: Executing expiry transaction(s) jobs  
[2026-02-16 11:09:19] INFO: [CRON] : 1 transaction(s) has been expiry  
[2026-02-16 11:10:00] INFO: [CRON]: Executing expiry transaction(s) jobs  
[2026-02-16 11:10:00] INFO: [CRON] : 1 transaction(s) has been expiry  
[2026-02-16 11:11:00] INFO: [CRON]: Executing expiry transaction(s) jobs  
[2026-02-16 11:11:00] INFO: [CRON] : 1 transaction(s) has been expiry  
[2026-02-16 11:12:00] INFO: [CRON]: Executing expiry transaction(s) jobs  
[2026-02-16 11:12:00] INFO: [CRON] : 1 transaction(s) has been expiry  
[2026-02-16 11:13:00] INFO: [CRON]: Executing expiry transaction(s) jobs  
[2026-02-16 11:13:00] INFO: [CRON] : 1 transaction(s) has been expiry  
[2026-02-16 11:14:00] INFO: [CRON]: Executing expiry transaction(s) jobs  
[2026-02-16 11:14:00] INFO: [CRON] : 1 transaction(s) has been expiry  
[2026-02-16 11:15:00] INFO: [CRON]: Executing expiry transaction(s) jobs  
[2026-02-16 11:15:00] INFO: [CRON] : 1 transaction(s) has been expiry  
[2026-02-16 11:16:00] INFO: [CRON]: Executing expiry transaction(s) jobs  
[2026-02-16 11:16:00] INFO: [CRON] : 0 transaction(s) has been expiry  
[2026-02-16 11:17:00] INFO: [CRON]: Executing expiry transaction(s) jobs  
[2026-02-16 11:17:00] INFO: [CRON] : 0 transaction(s) has been expiry  
[2026-02-16 11:18:00] INFO: [CRON]: Executing expiry transaction(s) jobs  
[2026-02-16 11:18:00] INFO: [CRON] : 0 transaction(s) has been expiry  
[2026-02-16 11:19:00] INFO: [CRON]: Executing expiry transaction(s) jobs  
[2026-02-16 11:19:00] INFO: [CRON] : 0 transaction(s) has been expiry  
[2026-02-16 11:20:00] INFO: [CRON]: Executing expiry transaction(s) jobs  
[2026-02-16 11:20:00] INFO: [CRON] : 0 transaction(s) has been expiry  
[2026-02-16 11:21:00] INFO: [CRON]: Executing expiry transaction(s) jobs  
[2026-02-16 11:21:00] INFO: [CRON] : 0 transaction(s) has been expiry  
[2026-02-16 11:22:00] INFO: [CRON]: Executing expiry transaction(s) jobs  
[2026-02-16 11:22:00] INFO: [CRON] : 0 transaction(s) has been expiry  
[2026-02-16 11:23:00] INFO: [CRON]: Executing expiry transaction(s) jobs  
[2026-02-16 11:23:00] INFO: [CRON] : 0 transaction(s) has been expiry  
[2026-02-16 11:24:00] INFO: [CRON]: Executing expiry transaction(s) jobs  
[2026-02-16 11:24:00] INFO: [CRON] : 0 transaction(s) has been expiry  
[2026-02-16 16:03:00] INFO: [CRON]: Executing expiry transaction(s) jobs  
[2026-02-16 16:03:00] INFO: [CRON] : 0 transaction(s) has been expiry  
[2026-02-16 16:04:00] INFO: [CRON]: Executing expiry transaction(s) jobs  
[2026-02-16 16:04:00] INFO: [CRON] : 0 transaction(s) has been expiry  
[2026-02-16 16:05:00] INFO: [CRON]: Executing expiry transaction(s) jobs  
[2026-02-16 16:05:00] INFO: [CRON] : 0 transaction(s) has been expiry  
[2026-02-16 16:06:00] INFO: [CRON]: Executing expiry transaction(s) jobs  
[2026-02-16 16:06:00] INFO: [CRON] : 0 transaction(s) has been expiry  
[2026-02-16 16:07:00] INFO: [CRON]: Executing expiry transaction(s) jobs  
[2026-02-16 16:07:00] INFO: [CRON] : 0 transaction(s) has been expiry  
[2026-02-16 16:08:00] INFO: [CRON]: Executing expiry transaction(s) jobs  
[2026-02-16 16:08:00] INFO: [CRON] : 0 transaction(s) has been expiry  
[2026-02-16 16:09:00] INFO: [CRON]: Executing expiry transaction(s) jobs  
[2026-02-16 16:09:00] INFO: [CRON] : 0 transaction(s) has been expiry  
[2026-02-16 16:10:00] INFO: [CRON]: Executing expiry transaction(s) jobs  
[2026-02-16 16:10:00] INFO: [CRON] : 0 transaction(s) has been expiry  
